I'm sorry, but errors were detected in your script. Please correct the
errors listed below, and try again.


File "game/script.rpy", line 748: choice menuitem expects a non-empty block.
    "Gideon":
             ^

Ren'Py Version: Ren'Py 8.0.3.22090809
Sat Oct 22 17:49:44 2022
